// Jest Snapshot v1, https://goo.gl/fbAQLP

exports[`<BalanceCard /> should render balance card 1`] = `
<div
  className="test"
>
  <Input
    bsSize="lg"
    className="plain-textarea"
    plaintext={true}
    tag="div"
    type="textarea"
  >
    Some info about balance
  </Input>
</div>
`;
