// Jest Snapshot v1, https://goo.gl/fbAQLP

exports[`withInfiniteScroll should match snapshot 1`] = `
<WrappedComponent
  loadNext={[MockFunction]}
/>
`;
